{
    "samples": [
        {
            "color": "H",
            "face": "Q"
        },
        {
            "color": "D",
            "face": "4"
        },
        {
            "color": "H",
            "face": "K"
        },
        {
            "color": "D",
            "face": "10"
        },
        {
            "color": "S",
            "face": "J"
        }
    ],
    "seed": -231684302
}