{
    "samples": [
        "S",
        "D",
        "H",
        "D",
        "S"
    ],
    "seed": 1243652509
}