{
    "samples": [
        {
            "color": "â£",
            "face": "K"
        },
        {
            "color": "â¢",
            "face": "9"
        },
        {
            "color": "â¢",
            "face": "A"
        },
        {
            "color": "â¢",
            "face": "5"
        },
        {
            "color": "â¡",
            "face": "K"
        }
    ],
    "seed": 1887221612
}