{
    "samples": [
        "♠",
        "♣",
        "♠",
        "♡",
        "♢"
    ],
    "seed": 1549635947
}