{
    "samples": [
        [
            {
                "color": "â¢",
                "face": "6"
            },
            {
                "color": "â ",
                "face": "3"
            },
            {
                "color": "â¢",
                "face": "A"
            }
        ],
        [
            {
                "color": "â ",
                "face": "10"
            },
            {
                "color": "â¢",
                "face": "5"
            }
        ],
        [
            {
                "color": "â ",
                "face": "6"
            }
        ],
        [
            {
                "color": "â£",
                "face": "10"
            }
        ],
        [
            {
                "color": "â ",
                "face": "8"
            },
            {
                "color": "â¡",
                "face": "2"
            }
        ]
    ],
    "seed": 961589732
}