{
    "samples": [
        {
            "curSide": "Black",
            "pieces": [
                {
                    "piece": "Pawn",
                    "pos": {
                        "col": 0,
                        "row": 1
                    },
                    "side": "White"
                },
                {
                    "piece": "Pawn",
                    "pos": {
                        "col": 4,
                        "row": 1
                    },
                    "side": "White"
                },
                {
                    "piece": "Pawn",
                    "pos": {
                        "col": 5,
                        "row": 1
                    },
                    "side": "White"
                },
                {
                    "piece": "Pawn",
                    "pos": {
                        "col": 1,
                        "row": 6
                    },
                    "side": "Black"
                },
                {
                    "piece": "Pawn",
                    "pos": {
                        "col": 2,
                        "row": 6
                    },
                    "side": "Black"
                },
                {
                    "piece": "Pawn",
                    "pos": {
                        "col": 3,
                        "row": 6
                    },
                    "side": "Black"
                },
                {
                    "piece": "Pawn",
                    "pos": {
                        "col": 5,
                        "row": 6
                    },
                    "side": "Black"
                },
                {
                    "piece": "Pawn",
                    "pos": {
                        "col": 6,
                        "row": 6
                    },
                    "side": "Black"
                },
                {
                    "piece": "Bishop",
                    "pos": {
                        "col": 2,
                        "row": 7
                    },
                    "side": "Black"
                },
                {
                    "piece": "Bishop",
                    "pos": {
                        "col": 5,
                        "row": 7
                    },
                    "side": "Black"
                },
                {
                    "piece": "Pawn",
                    "pos": {
                        "col": 6,
                        "row": 3
                    },
                    "side": "White"
                },
                {
                    "piece": "Pawn",
                    "pos": {
                        "col": 0,
                        "row": 4
                    },
                    "side": "Black"
                },
                {
                    "piece": "Pawn",
                    "pos": {
                        "col": 1,
                        "row": 2
                    },
                    "side": "White"
                },
                {
                    "piece": "Pawn",
                    "pos": {
                        "col": 7,
                        "row": 5
                    },
                    "side": "Black"
                },
                {
                    "piece": "Rook",
                    "pos": {
                        "col": 0,
                        "row": 0
                    },
                    "side": "White"
                },
                {
                    "piece": "Rook",
                    "pos": {
                        "col": 7,
                        "row": 1
                    },
                    "side": "Black"
                },
                {
                    "piece": "Pawn",
                    "pos": {
                        "col": 2,
                        "row": 3
                    },
                    "side": "White"
                },
                {
                    "piece": "Knight",
                    "pos": {
                        "col": 0,
                        "row": 2
                    },
                    "side": "White"
                },
                {
                    "piece": "Knight",
                    "pos": {
                        "col": 4,
                        "row": 7
                    },
                    "side": "Black"
                },
                {
                    "piece": "Bishop",
                    "pos": {
                        "col": 5,
                        "row": 0
                    },
                    "side": "White"
                },
                {
                    "piece": "Knight",
                    "pos": {
                        "col": 0,
                        "row": 6
                    },
                    "side": "Black"
                },
                {
                    "piece": "Bishop",
                    "pos": {
                        "col": 1,
                        "row": 5
                    },
                    "side": "White"
                },
                {
                    "piece": "Pawn",
                    "pos": {
                        "col": 4,
                        "row": 5
                    },
                    "side": "Black"
                },
                {
                    "piece": "Pawn",
                    "pos": {
                        "col": 3,
                        "row": 3
                    },
                    "side": "White"
                }
            ]
        },
        {
            "curSide": "White",
            "pieces": [
                {
                    "piece": "Pawn",
                    "pos": {
                        "col": 1,
                        "row": 1
                    },
                    "side": "White"
                },
                {
                    "piece": "Pawn",
                    "pos": {
                        "col": 4,
                        "row": 1
                    },
                    "side": "White"
                },
                {
                    "piece": "Pawn",
                    "pos": {
                        "col": 6,
                        "row": 1
                    },
                    "side": "White"
                },
                {
                    "piece": "Pawn",
                    "pos": {
                        "col": 7,
                        "row": 1
                    },
                    "side": "White"
                },
                {
                    "piece": "Pawn",
                    "pos": {
                        "col": 1,
                        "row": 6
                    },
                    "side": "Black"
                },
                {
                    "piece": "Pawn",
                    "pos": {
                        "col": 3,
                        "row": 6
                    },
                    "side": "Black"
                },
                {
                    "piece": "Pawn",
                    "pos": {
                        "col": 6,
                        "row": 6
                    },
                    "side": "Black"
                },
                {
                    "piece": "Knight",
                    "pos": {
                        "col": 1,
                        "row": 7
                    },
                    "side": "Black"
                },
                {
                    "piece": "Knight",
                    "pos": {
                        "col": 6,
                        "row": 7
                    },
                    "side": "Black"
                },
                {
                    "piece": "Bishop",
                    "pos": {
                        "col": 2,
                        "row": 7
                    },
                    "side": "Black"
                },
                {
                    "piece": "Bishop",
                    "pos": {
                        "col": 5,
                        "row": 7
                    },
                    "side": "Black"
                },
                {
                    "piece": "Bishop",
                    "pos": {
                        "col": 2,
                        "row": 0
                    },
                    "side": "White"
                },
                {
                    "piece": "Bishop",
                    "pos": {
                        "col": 5,
                        "row": 0
                    },
                    "side": "White"
                },
                {
                    "piece": "Pawn",
                    "pos": {
                        "col": 0,
                        "row": 3
                    },
                    "side": "White"
                },
                {
                    "piece": "Pawn",
                    "pos": {
                        "col": 0,
                        "row": 4
                    },
                    "side": "Black"
                },
                {
                    "piece": "Rook",
                    "pos": {
                        "col": 0,
                        "row": 6
                    },
                    "side": "Black"
                },
                {
                    "piece": "Pawn",
                    "pos": {
                        "col": 5,
                        "row": 4
                    },
                    "side": "Black"
                },
                {
                    "piece": "Pawn",
                    "pos": {
                        "col": 5,
                        "row": 3
                    },
                    "side": "White"
                },
                {
                    "piece": "Pawn",
                    "pos": {
                        "col": 2,
                        "row": 5
                    },
                    "side": "Black"
                },
                {
                    "piece": "Knight",
                    "pos": {
                        "col": 7,
                        "row": 2
                    },
                    "side": "White"
                },
                {
                    "piece": "Rook",
                    "pos": {
                        "col": 0,
                        "row": 0
                    },
                    "side": "Black"
                },
                {
                    "piece": "Pawn",
                    "pos": {
                        "col": 2,
                        "row": 3
                    },
                    "side": "White"
                },
                {
                    "piece": "Pawn",
                    "pos": {
                        "col": 7,
                        "row": 5
                    },
                    "side": "Black"
                },
                {
                    "piece": "Knight",
                    "pos": {
                        "col": 1,
                        "row": 0
                    },
                    "side": "White"
                },
                {
                    "piece": "Pawn",
                    "pos": {
                        "col": 3,
                        "row": 3
                    },
                    "side": "White"
                },
                {
                    "piece": "Pawn",
                    "pos": {
                        "col": 4,
                        "row": 4
                    },
                    "side": "Black"
                }
            ]
        },
        {
            "curSide": "Black",
            "pieces": [
                {
                    "piece": "Pawn",
                    "pos": {
                        "col": 1,
                        "row": 1
                    },
                    "side": "White"
                },
                {
                    "piece": "Pawn",
                    "pos": {
                        "col": 3,
                        "row": 1
                    },
                    "side": "White"
                },
                {
                    "piece": "Pawn",
                    "pos": {
                        "col": 5,
                        "row": 1
                    },
                    "side": "White"
                },
                {
                    "piece": "Pawn",
                    "pos": {
                        "col": 6,
                        "row": 1
                    },
                    "side": "White"
                },
                {
                    "piece": "Pawn",
                    "pos": {
                        "col": 7,
                        "row": 1
                    },
                    "side": "White"
                },
                {
                    "piece": "Pawn",
                    "pos": {
                        "col": 0,
                        "row": 6
                    },
                    "side": "Black"
                },
                {
                    "piece": "Pawn",
                    "pos": {
                        "col": 1,
                        "row": 6
                    },
                    "side": "Black"
                },
                {
                    "piece": "Pawn",
                    "pos": {
                        "col": 2,
                        "row": 6
                    },
                    "side": "Black"
                },
                {
                    "piece": "Pawn",
                    "pos": {
                        "col": 4,
                        "row": 6
                    },
                    "side": "Black"
                },
                {
                    "piece": "Pawn",
                    "pos": {
                        "col": 5,
                        "row": 6
                    },
                    "side": "Black"
                },
                {
                    "piece": "Pawn",
                    "pos": {
                        "col": 6,
                        "row": 6
                    },
                    "side": "Black"
                },
                {
                    "piece": "Rook",
                    "pos": {
                        "col": 7,
                        "row": 7
                    },
                    "side": "Black"
                },
                {
                    "piece": "Rook",
                    "pos": {
                        "col": 7,
                        "row": 0
                    },
                    "side": "White"
                },
                {
                    "piece": "Knight",
                    "pos": {
                        "col": 1,
                        "row": 7
                    },
                    "side": "Black"
                },
                {
                    "piece": "Knight",
                    "pos": {
                        "col": 6,
                        "row": 7
                    },
                    "side": "Black"
                },
                {
                    "piece": "Knight",
                    "pos": {
                        "col": 1,
                        "row": 0
                    },
                    "side": "White"
                },
                {
                    "piece": "Knight",
                    "pos": {
                        "col": 6,
                        "row": 0
                    },
                    "side": "White"
                },
                {
                    "piece": "Bishop",
                    "pos": {
                        "col": 2,
                        "row": 7
                    },
                    "side": "Black"
                },
                {
                    "piece": "Bishop",
                    "pos": {
                        "col": 5,
                        "row": 7
                    },
                    "side": "Black"
                },
                {
                    "piece": "Bishop",
                    "pos": {
                        "col": 2,
                        "row": 0
                    },
                    "side": "White"
                },
                {
                    "piece": "Bishop",
                    "pos": {
                        "col": 5,
                        "row": 0
                    },
                    "side": "White"
                },
                {
                    "piece": "Rook",
                    "pos": {
                        "col": 0,
                        "row": 3
                    },
                    "side": "Black"
                },
                {
                    "piece": "Pawn",
                    "pos": {
                        "col": 2,
                        "row": 3
                    },
                    "side": "White"
                },
                {
                    "piece": "Pawn",
                    "pos": {
                        "col": 3,
                        "row": 5
                    },
                    "side": "Black"
                },
                {
                    "piece": "Pawn",
                    "pos": {
                        "col": 4,
                        "row": 3
                    },
                    "side": "White"
                },
                {
                    "piece": "Pawn",
                    "pos": {
                        "col": 7,
                        "row": 5
                    },
                    "side": "Black"
                },
                {
                    "piece": "Rook",
                    "pos": {
                        "col": 0,
                        "row": 2
                    },
                    "side": "White"
                }
            ]
        },
        {
            "curSide": "White",
            "pieces": [
                {
                    "piece": "Pawn",
                    "pos": {
                        "col": 0,
                        "row": 1
                    },
                    "side": "White"
                },
                {
                    "piece": "Pawn",
                    "pos": {
                        "col": 1,
                        "row": 1
                    },
                    "side": "White"
                },
                {
                    "piece": "Pawn",
                    "pos": {
                        "col": 3,
                        "row": 1
                    },
                    "side": "White"
                },
                {
                    "piece": "Pawn",
                    "pos": {
                        "col": 5,
                        "row": 1
                    },
                    "side": "White"
                },
                {
                    "piece": "Pawn",
                    "pos": {
                        "col": 7,
                        "row": 1
                    },
                    "side": "White"
                },
                {
                    "piece": "Pawn",
                    "pos": {
                        "col": 0,
                        "row": 6
                    },
                    "side": "Black"
                },
                {
                    "piece": "Pawn",
                    "pos": {
                        "col": 1,
                        "row": 6
                    },
                    "side": "Black"
                },
                {
                    "piece": "Pawn",
                    "pos": {
                        "col": 2,
                        "row": 6
                    },
                    "side": "Black"
                },
                {
                    "piece": "Pawn",
                    "pos": {
                        "col": 5,
                        "row": 6
                    },
                    "side": "Black"
                },
                {
                    "piece": "Pawn",
                    "pos": {
                        "col": 7,
                        "row": 6
                    },
                    "side": "Black"
                },
                {
                    "piece": "Rook",
                    "pos": {
                        "col": 7,
                        "row": 7
                    },
                    "side": "Black"
                },
                {
                    "piece": "Rook",
                    "pos": {
                        "col": 7,
                        "row": 0
                    },
                    "side": "White"
                },
                {
                    "piece": "Knight",
                    "pos": {
                        "col": 1,
                        "row": 7
                    },
                    "side": "Black"
                },
                {
                    "piece": "Knight",
                    "pos": {
                        "col": 6,
                        "row": 7
                    },
                    "side": "Black"
                },
                {
                    "piece": "Knight",
                    "pos": {
                        "col": 1,
                        "row": 0
                    },
                    "side": "White"
                },
                {
                    "piece": "Bishop",
                    "pos": {
                        "col": 2,
                        "row": 7
                    },
                    "side": "Black"
                },
                {
                    "piece": "Bishop",
                    "pos": {
                        "col": 5,
                        "row": 7
                    },
                    "side": "Black"
                },
                {
                    "piece": "Bishop",
                    "pos": {
                        "col": 2,
                        "row": 0
                    },
                    "side": "White"
                },
                {
                    "piece": "Bishop",
                    "pos": {
                        "col": 5,
                        "row": 0
                    },
                    "side": "White"
                },
                {
                    "piece": "Pawn",
                    "pos": {
                        "col": 4,
                        "row": 2
                    },
                    "side": "White"
                },
                {
                    "piece": "Pawn",
                    "pos": {
                        "col": 3,
                        "row": 5
                    },
                    "side": "Black"
                },
                {
                    "piece": "Pawn",
                    "pos": {
                        "col": 2,
                        "row": 3
                    },
                    "side": "White"
                },
                {
                    "piece": "Pawn",
                    "pos": {
                        "col": 6,
                        "row": 5
                    },
                    "side": "Black"
                },
                {
                    "piece": "Pawn",
                    "pos": {
                        "col": 6,
                        "row": 3
                    },
                    "side": "White"
                },
                {
                    "piece": "Pawn",
                    "pos": {
                        "col": 4,
                        "row": 5
                    },
                    "side": "Black"
                },
                {
                    "piece": "Knight",
                    "pos": {
                        "col": 7,
                        "row": 2
                    },
                    "side": "White"
                },
                {
                    "piece": "Rook",
                    "pos": {
                        "col": 0,
                        "row": 0
                    },
                    "side": "Black"
                }
            ]
        },
        {
            "curSide": "White",
            "pieces": [
                {
                    "piece": "Pawn",
                    "pos": {
                        "col": 0,
                        "row": 1
                    },
                    "side": "White"
                },
                {
                    "piece": "Pawn",
                    "pos": {
                        "col": 1,
                        "row": 1
                    },
                    "side": "White"
                },
                {
                    "piece": "Pawn",
                    "pos": {
                        "col": 2,
                        "row": 1
                    },
                    "side": "White"
                },
                {
                    "piece": "Pawn",
                    "pos": {
                        "col": 4,
                        "row": 1
                    },
                    "side": "White"
                },
                {
                    "piece": "Pawn",
                    "pos": {
                        "col": 7,
                        "row": 1
                    },
                    "side": "White"
                },
                {
                    "piece": "Pawn",
                    "pos": {
                        "col": 0,
                        "row": 6
                    },
                    "side": "Black"
                },
                {
                    "piece": "Pawn",
                    "pos": {
                        "col": 1,
                        "row": 6
                    },
                    "side": "Black"
                },
                {
                    "piece": "Pawn",
                    "pos": {
                        "col": 2,
                        "row": 6
                    },
                    "side": "Black"
                },
                {
                    "piece": "Pawn",
                    "pos": {
                        "col": 3,
                        "row": 6
                    },
                    "side": "Black"
                },
                {
                    "piece": "Pawn",
                    "pos": {
                        "col": 4,
                        "row": 6
                    },
                    "side": "Black"
                },
                {
                    "piece": "Pawn",
                    "pos": {
                        "col": 6,
                        "row": 6
                    },
                    "side": "Black"
                },
                {
                    "piece": "Pawn",
                    "pos": {
                        "col": 7,
                        "row": 6
                    },
                    "side": "Black"
                },
                {
                    "piece": "Rook",
                    "pos": {
                        "col": 7,
                        "row": 0
                    },
                    "side": "White"
                },
                {
                    "piece": "Knight",
                    "pos": {
                        "col": 1,
                        "row": 7
                    },
                    "side": "Black"
                },
                {
                    "piece": "Knight",
                    "pos": {
                        "col": 6,
                        "row": 0
                    },
                    "side": "White"
                },
                {
                    "piece": "Bishop",
                    "pos": {
                        "col": 2,
                        "row": 7
                    },
                    "side": "Black"
                },
                {
                    "piece": "Bishop",
                    "pos": {
                        "col": 5,
                        "row": 7
                    },
                    "side": "Black"
                },
                {
                    "piece": "Bishop",
                    "pos": {
                        "col": 2,
                        "row": 0
                    },
                    "side": "White"
                },
                {
                    "piece": "Pawn",
                    "pos": {
                        "col": 6,
                        "row": 2
                    },
                    "side": "White"
                },
                {
                    "piece": "Bishop",
                    "pos": {
                        "col": 7,
                        "row": 2
                    },
                    "side": "White"
                },
                {
                    "piece": "Knight",
                    "pos": {
                        "col": 4,
                        "row": 7
                    },
                    "side": "Black"
                },
                {
                    "piece": "Pawn",
                    "pos": {
                        "col": 3,
                        "row": 3
                    },
                    "side": "White"
                },
                {
                    "piece": "Rook",
                    "pos": {
                        "col": 6,
                        "row": 7
                    },
                    "side": "Black"
                },
                {
                    "piece": "Pawn",
                    "pos": {
                        "col": 5,
                        "row": 3
                    },
                    "side": "White"
                },
                {
                    "piece": "Pawn",
                    "pos": {
                        "col": 5,
                        "row": 5
                    },
                    "side": "Black"
                },
                {
                    "piece": "Knight",
                    "pos": {
                        "col": 0,
                        "row": 2
                    },
                    "side": "White"
                },
                {
                    "piece": "Rook",
                    "pos": {
                        "col": 0,
                        "row": 0
                    },
                    "side": "Black"
                }
            ]
        }
    ],
    "seed": -833727055
}